type octile
height 63
width 161
map
TTTTTTTTTTTTTTTTTTTTTTTTTTTTTTTTTTTTTTTTTTTTTTTTTTTTTTTTTTTTTTTTTTTTTTTTTTTTTTTTTTTTTTTTTTTTTTTTTTTTTTTTTTTTTTTTTTTTTTTTTTTTTTTTTTTTTTTTTTTTTTTTTTTTTTTTTTTTTTTTT
T...............................................................................................................................................................T
T.........................HHHHHHHHHH.HHHHHHHHHH.HHHHHHHHHH.HHHHHHHHHH.HHHHHHHHHH.HHHHHHHHHH.HHHHHHHHHH.HHHHHHHHHH.HHHHHHHHHH.HHHHHHHHHH.........................T
T.........................HHHHHHHHHH.HHHHHHHHHH.HHHHHHHHHH.HHHHHHHHHH.HHHHHHHHHH.HHHHHHHHHH.HHHHHHHHHH.HHHHHHHHHH.HHHHHHHHHH.HHHHHHHHHH.........................T
T...............................................................................................................................................................T
T.........................HHHHHHHHHH.HHHHHHHHHH.HHHHHHHHHH.HHHHHHHHHH.HHHHHHHHHH.HHHHHHHHHH.HHHHHHHHHH.HHHHHHHHHH.HHHHHHHHHH.HHHHHHHHHH.........................T
T.........................HHHHHHHHHH.HHHHHHHHHH.HHHHHHHHHH.HHHHHHHHHH.HHHHHHHHHH.HHHHHHHHHH.HHHHHHHHHH.HHHHHHHHHH.HHHHHHHHHH.HHHHHHHHHH.........................T
T...............................................................................................................................................................T
T.........................HHHHHHHHHH.HHHHHHHHHH.HHHHHHHHHH.HHHHHHHHHH.HHHHHHHHHH.HHHHHHHHHH.HHHHHHHHHH.HHHHHHHHHH.HHHHHHHHHH.HHHHHHHHHH.........................T
T.........................HHHHHHHHHH.HHHHHHHHHH.HHHHHHHHHH.HHHHHHHHHH.HHHHHHHHHH.HHHHHHHHHH.HHHHHHHHHH.HHHHHHHHHH.HHHHHHHHHH.HHHHHHHHHH.........................T
T...............................................................................................................................................................T
T.........................HHHHHHHHHH.HHHHHHHHHH.HHHHHHHHHH.HHHHHHHHHH.HHHHHHHHHH.HHHHHHHHHH.HHHHHHHHHH.HHHHHHHHHH.HHHHHHHHHH.HHHHHHHHHH.........................T
T.........................HHHHHHHHHH.HHHHHHHHHH.HHHHHHHHHH.HHHHHHHHHH.HHHHHHHHHH.HHHHHHHHHH.HHHHHHHHHH.HHHHHHHHHH.HHHHHHHHHH.HHHHHHHHHH.........................T
T...............................................................................................................................................................T
T.........................HHHHHHHHHH.HHHHHHHHHH.HHHHHHHHHH.HHHHHHHHHH.HHHHHHHHHH.HHHHHHHHHH.HHHHHHHHHH.HHHHHHHHHH.HHHHHHHHHH.HHHHHHHHHH.........................T
T.........................HHHHHHHHHH.HHHHHHHHHH.HHHHHHHHHH.HHHHHHHHHH.HHHHHHHHHH.HHHHHHHHHH.HHHHHHHHHH.HHHHHHHHHH.HHHHHHHHHH.HHHHHHHHHH.........................T
T...............................................................................................................................................................T
T.........................HHHHHHHHHH.HHHHHHHHHH.HHHHHHHHHH.HHHHHHHHHH.HHHHHHHHHH.HHHHHHHHHH.HHHHHHHHHH.HHHHHHHHHH.HHHHHHHHHH.HHHHHHHHHH.........................T
T.........................HHHHHHHHHH.HHHHHHHHHH.HHHHHHHHHH.HHHHHHHHHH.HHHHHHHHHH.HHHHHHHHHH.HHHHHHHHHH.HHHHHHHHHH.HHHHHHHHHH.HHHHHHHHHH.........................T
T...............................................................................................................................................................T
T.........................HHHHHHHHHH.HHHHHHHHHH.HHHHHHHHHH.HHHHHHHHHH.HHHHHHHHHH.HHHHHHHHHH.HHHHHHHHHH.HHHHHHHHHH.HHHHHHHHHH.HHHHHHHHHH.........................T
T.........................HHHHHHHHHH.HHHHHHHHHH.HHHHHHHHHH.HHHHHHHHHH.HHHHHHHHHH.HHHHHHHHHH.HHHHHHHHHH.HHHHHHHHHH.HHHHHHHHHH.HHHHHHHHHH.........................T
T...............................................................................................................................................................T
T.........................HHHHHHHHHH.HHHHHHHHHH.HHHHHHHHHH.HHHHHHHHHH.HHHHHHHHHH.HHHHHHHHHH.HHHHHHHHHH.HHHHHHHHHH.HHHHHHHHHH.HHHHHHHHHH.........................T
T.........................HHHHHHHHHH.HHHHHHHHHH.HHHHHHHHHH.HHHHHHHHHH.HHHHHHHHHH.HHHHHHHHHH.HHHHHHHHHH.HHHHHHHHHH.HHHHHHHHHH.HHHHHHHHHH.........................T
T...............................................................................................................................................................T
T.........................HHHHHHHHHH.HHHHHHHHHH.HHHHHHHHHH.HHHHHHHHHH.HHHHHHHHHH.HHHHHHHHHH.HHHHHHHHHH.HHHHHHHHHH.HHHHHHHHHH.HHHHHHHHHH.........................T
T.........................HHHHHHHHHH.HHHHHHHHHH.HHHHHHHHHH.HHHHHHHHHH.HHHHHHHHHH.HHHHHHHHHH.HHHHHHHHHH.HHHHHHHHHH.HHHHHHHHHH.HHHHHHHHHH.........................T
TC.C.C.C........................................................................................................................................................T
TC.C.C.C..................HHHHHHHHHH.HHHHHHHHHH.HHHHHHHHHH.HHHHHHHHHH.HHHHHHHHHH.HHHHHHHHHH.HHHHHHHHHH.HHHHHHHHHH.HHHHHHHHHH.HHHHHHHHHH.........................T
TC.C.C.C..................HHHHHHHHHH.HHHHHHHHHH.HHHHHHHHHH.HHHHHHHHHH.HHHHHHHHHH.HHHHHHHHHH.HHHHHHHHHH.HHHHHHHHHH.HHHHHHHHHH.HHHHHHHHHH.........................T
TC.C.C.C........................................................................................................................................................T
TU.C.C.C..................HHHHHHHHHH.HHHHHHHHHH.HHHHHHHHHH.HHHHHHHHHH.HHHHHHHHHH.HHHHHHHHHH.HHHHHHHHHH.HHHHHHHHHH.HHHHHHHHHH.HHHHHHHHHH.........................T
TC.C.C.C..................HHHHHHHHHH.HHHHHHHHHH.HHHHHHHHHH.HHHHHHHHHH.HHHHHHHHHH.HHHHHHHHHH.HHHHHHHHHH.HHHHHHHHHH.HHHHHHHHHH.HHHHHHHHHH.........................T
TC.C.C.C........................................................................................................................................................T
TC.C.C.C..................HHHHHHHHHH.HHHHHHHHHH.HHHHHHHHHH.HHHHHHHHHH.HHHHHHHHHH.HHHHHHHHHH.HHHHHHHHHH.HHHHHHHHHH.HHHHHHHHHH.HHHHHHHHHH.........................T
TC.C.C.C..................HHHHHHHHHH.HHHHHHHHHH.HHHHHHHHHH.HHHHHHHHHH.HHHHHHHHHH.HHHHHHHHHH.HHHHHHHHHH.HHHHHHHHHH.HHHHHHHHHH.HHHHHHHHHH.........................T
T...............................................................................................................................................................T
T.........................HHHHHHHHHH.HHHHHHHHHH.HHHHHHHHHH.HHHHHHHHHH.HHHHHHHHHH.HHHHHHHHHH.HHHHHHHHHH.HHHHHHHHHH.HHHHHHHHHH.HHHHHHHHHH.........................T
T.........................HHHHHHHHHH.HHHHHHHHHH.HHHHHHHHHH.HHHHHHHHHH.HHHHHHHHHH.HHHHHHHHHH.HHHHHHHHHH.HHHHHHHHHH.HHHHHHHHHH.HHHHHHHHHH.........................T
T...............................................................................................................................................................T
T.........................HHHHHHHHHH.HHHHHHHHHH.HHHHHHHHHH.HHHHHHHHHH.HHHHHHHHHH.HHHHHHHHHH.HHHHHHHHHH.HHHHHHHHHH.HHHHHHHHHH.HHHHHHHHHH.........................T
T.........................HHHHHHHHHH.HHHHHHHHHH.HHHHHHHHHH.HHHHHHHHHH.HHHHHHHHHH.HHHHHHHHHH.HHHHHHHHHH.HHHHHHHHHH.HHHHHHHHHH.HHHHHHHHHH.........................T
T...............................................................................................................................................................T
T.........................HHHHHHHHHH.HHHHHHHHHH.HHHHHHHHHH.HHHHHHHHHH.HHHHHHHHHH.HHHHHHHHHH.HHHHHHHHHH.HHHHHHHHHH.HHHHHHHHHH.HHHHHHHHHH.........................T
T.........................HHHHHHHHHH.HHHHHHHHHH.HHHHHHHHHH.HHHHHHHHHH.HHHHHHHHHH.HHHHHHHHHH.HHHHHHHHHH.HHHHHHHHHH.HHHHHHHHHH.HHHHHHHHHH.........................T
T...............................................................................................................................................................T
T.........................HHHHHHHHHH.HHHHHHHHHH.HHHHHHHHHH.HHHHHHHHHH.HHHHHHHHHH.HHHHHHHHHH.HHHHHHHHHH.HHHHHHHHHH.HHHHHHHHHH.HHHHHHHHHH.........................T
T.........................HHHHHHHHHH.HHHHHHHHHH.HHHHHHHHHH.HHHHHHHHHH.HHHHHHHHHH.HHHHHHHHHH.HHHHHHHHHH.HHHHHHHHHH.HHHHHHHHHH.HHHHHHHHHH.........................T
T...............................................................................................................................................................T
T.........................HHHHHHHHHH.HHHHHHHHHH.HHHHHHHHHH.HHHHHHHHHH.HHHHHHHHHH.HHHHHHHHHH.HHHHHHHHHH.HHHHHHHHHH.HHHHHHHHHH.HHHHHHHHHH.........................T
T.........................HHHHHHHHHH.HHHHHHHHHH.HHHHHHHHHH.HHHHHHHHHH.HHHHHHHHHH.HHHHHHHHHH.HHHHHHHHHH.HHHHHHHHHH.HHHHHHHHHH.HHHHHHHHHH.........................T
T...............................................................................................................................................................T
T.........................HHHHHHHHHH.HHHHHHHHHH.HHHHHHHHHH.HHHHHHHHHH.HHHHHHHHHH.HHHHHHHHHH.HHHHHHHHHH.HHHHHHHHHH.HHHHHHHHHH.HHHHHHHHHH.........................T
T.........................HHHHHHHHHH.HHHHHHHHHH.HHHHHHHHHH.HHHHHHHHHH.HHHHHHHHHH.HHHHHHHHHH.HHHHHHHHHH.HHHHHHHHHH.HHHHHHHHHH.HHHHHHHHHH.........................T
T...............................................................................................................................................................T
T.........................HHHHHHHHHH.HHHHHHHHHH.HHHHHHHHHH.HHHHHHHHHH.HHHHHHHHHH.HHHHHHHHHH.HHHHHHHHHH.HHHHHHHHHH.HHHHHHHHHH.HHHHHHHHHH.........................T
T.........................HHHHHHHHHH.HHHHHHHHHH.HHHHHHHHHH.HHHHHHHHHH.HHHHHHHHHH.HHHHHHHHHH.HHHHHHHHHH.HHHHHHHHHH.HHHHHHHHHH.HHHHHHHHHH.........................T
T...............................................................................................................................................................T
T.........................HHHHHHHHHH.HHHHHHHHHH.HHHHHHHHHH.HHHHHHHHHH.HHHHHHHHHH.HHHHHHHHHH.HHHHHHHHHH.HHHHHHHHHH.HHHHHHHHHH.HHHHHHHHHH.........................T
T.........................HHHHHHHHHH.HHHHHHHHHH.HHHHHHHHHH.HHHHHHHHHH.HHHHHHHHHH.HHHHHHHHHH.HHHHHHHHHH.HHHHHHHHHH.HHHHHHHHHH.HHHHHHHHHH.........................T
T...............................................................................................................................................................T
TTTTTTTTTTTTTTTTTTTTTTTTTTTTTTTTTTTTTTTTTTTTTTTTTTTTTTTTTTTTTTTTTTTTTTTTTTTTTTTTTTTTTTTTTTTTTTTTTTTTTTTTTTTTTTTTTTTTTTTTTTTTTTTTTTTTTTTTTTTTTTTTTTTTTTTTTTTTTTTTT
